[INFO] Scanning for projects...
[INFO] 
[INFO] ----------------< com.example:personal-expense-tracker >----------------
[INFO] Building personal-expense-tracker 0.0.1-SNAPSHOT
[INFO]   from pom.xml
[INFO] --------------------------------[ jar ]---------------------------------
[INFO] 
[INFO] --- jacoco:0.8.11:prepare-agent (default) @ personal-expense-tracker ---
[INFO] argLine set to "-javaagent:C:\\Users\\Essa Janneh\\.m2\\repository\\org\\jacoco\\org.jacoco.agent\\0.8.11\\org.jacoco.agent-0.8.11-runtime.jar=destfile=C:\\Users\\Essa Janneh\\Desktop\\UNIFI\\2 SEM\\AUTOMATED SOFTWARE TESTING\\AST PROJECT\\target\\jacoco.exec"
[INFO] 
[INFO] --- resources:3.3.1:resources (default-resources) @ personal-expense-tracker ---
[INFO] Copying 2 resources from src\main\resources to target\classes
[INFO] 
[INFO] --- compiler:3.11.0:compile (default-compile) @ personal-expense-tracker ---
[INFO] Nothing to compile - all classes are up to date
[INFO] 
[INFO] --- resources:3.3.1:testResources (default-testResources) @ personal-expense-tracker ---
[INFO] Copying 1 resource from src\test\resources to target\test-classes
[INFO] 
[INFO] --- compiler:3.11.0:testCompile (default-testCompile) @ personal-expense-tracker ---
[INFO] Changes detected - recompiling the module! :source
[INFO] Compiling 22 source files with javac [debug target 17] to target\test-classes
[INFO] Annotation processing is enabled because one or more processors were found
  on the class path. A future release of javac may disable annotation processing
  unless at least one processor is specified by name (-processor), or a search
  path is specified (--processor-path, --processor-module-path), or annotation
  processing is enabled explicitly (-proc:only, -proc:full).
  Use -Xlint:-options to suppress this message.
  Use -proc:none to disable annotation processing.
[INFO] -------------------------------------------------------------
[WARNING] COMPILATION WARNING : 
[INFO] -------------------------------------------------------------
[WARNING] system modules path not set in conjunction with -source 17
[INFO] 1 warning
[INFO] -------------------------------------------------------------
[INFO] -------------------------------------------------------------
[ERROR] COMPILATION ERROR : 
[INFO] -------------------------------------------------------------
[ERROR] /C:/Users/Essa Janneh/Desktop/UNIFI/2 SEM/AUTOMATED SOFTWARE TESTING/AST PROJECT/src/test/java/com/example/expense/view/AdminStatisticsViewTest.java:[31,23] constructor AdminStatisticsView in class com.example.expense.view.AdminStatisticsView cannot be applied to given types;
  required: java.awt.Frame,java.util.List<com.example.expense.model.Expense>,java.util.List<com.example.expense.model.User>
  found:    <nulltype>,com.example.expense.service.ExpenseService,com.example.expense.service.UserService,com.example.expense.service.CategoryService
  reason: actual and formal argument lists differ in length
[INFO] 1 error
[INFO] -------------------------------------------------------------
[INFO] ------------------------------------------------------------------------
[INFO] BUILD FAILURE
[INFO] ------------------------------------------------------------------------
[INFO] Total time:  03:39 min
[INFO] Finished at: 2026-01-29T17:51:17+01:00
[INFO] ------------------------------------------------------------------------
[ERROR] Failed to execute goal org.apache.maven.plugins:maven-compiler-plugin:3.11.0:testCompile (default-testCompile) on project personal-expense-tracker: Compilation failure
[ERROR] /C:/Users/Essa Janneh/Desktop/UNIFI/2 SEM/AUTOMATED SOFTWARE TESTING/AST PROJECT/src/test/java/com/example/expense/view/AdminStatisticsViewTest.java:[31,23] constructor AdminStatisticsView in class com.example.expense.view.AdminStatisticsView cannot be applied to given types;
[ERROR]   required: java.awt.Frame,java.util.List<com.example.expense.model.Expense>,java.util.List<com.example.expense.model.User>
[ERROR]   found:    <nulltype>,com.example.expense.service.ExpenseService,com.example.expense.service.UserService,com.example.expense.service.CategoryService
[ERROR]   reason: actual and formal argument lists differ in length
[ERROR] 
[ERROR] -> [Help 1]
[ERROR] 
[ERROR] To see the full stack trace of the errors, re-run Maven with the -e switch.
[ERROR] Re-run Maven using the -X switch to enable full debug logging.
[ERROR] 
[ERROR] For more information about the errors and possible solutions, please read the following articles:
[ERROR] [Help 1] http://cwiki.apache.org/confluence/display/MAVEN/MojoFailureException
